FAIL	zhaozhou-bridge-monitor/services [setup failed]
FAIL
